Godot Engine v4.7.2.stable.official.ed1daf0bf - https://godotengine.org

[demo] connecting to 127.0.0.1:7878 as seat 'visitor' (2d)
[demo] seated: seat 'visitor' is observer 5
[demo] world instance 0000000018dc198c253efe812f270000, 6 entities, 3 client(s)
[demo] observation 1: 1, 3, 4, 5, 6
[demo] the server says talk to 3 is not available (too far away)
[demo] c1 -> action 2: accepted (1 fact(s))
[demo] c2 -> action 6: accepted (1 fact(s))
[demo] c3 -> action 7: accepted (1 fact(s))
[demo] c4 -> action 8: accepted (1 fact(s))
[demo] walked there in 4 stride(s)
[demo] the server now says talk to 3 is available
[demo] c5 -> action 9: accepted (2 fact(s))
[demo] --- what this client was told ---
[demo] world instance      0000000018dc198c253efe812f270000
[demo] observer            5
[demo] perceived           1, 3, 4, 5, 6
[demo]   1  tags ["cafe","public"]  at (0.0, 0.0) m
[demo]       components ["passages"]
[demo]       doorways   1 (read through MineWorldObservation.component)
[demo]   3  tags ["barista","staff"]  at (6.0, -8.0) m
[demo]   4  tags ["regular"]  at (4.5, -6.1) m
[demo]   5  tags ["visitor"]  at (6.0, -6.0) m
[demo]       components ["conversation-history"]
[demo]   6  tags ["visitor"]  at (6.0, -6.0) m
[demo]   affordance move -> null : available
[demo]   affordance talk -> "3" : available
[demo]   affordance talk -> "4" : available
[demo]   affordance talk -> "6" : available
[demo] --- what I have been told (my own disclosed history) ---
[demo]   "3" said "I remember you. You said \"hello Alice, this is the demonstration scene\". Earlier, person 6 said \"hello Alice, this is the demonstration scene\" to me."
[demo] disconnected: the scripted run is over
